== pg_stats @ normal end
-- pid 576576
range 0x7f0000000000-0x7f8000000000 | main node 1
node 0      : locality=1.0 ptes=492.45K mapped=492.45K rdprot=0     wrprot=492.45K unrepl=0     remotemain=0     [ n0=492.45K(local) n1=0            ]
node 1(main): locality=0.6 ptes=492.92K mapped=492.92K rdprot=0     wrprot=492.92K unrepl=0     remotemain=0     [ n0=175.37K        n1=317.55K(local)]
cross-node sharing:
  node 0: local=492.45K unique=317.07K shared: n1=175.37K
  node 1: local=317.55K unique=317.55K shared: n0=175.37K
page tables:
  node 0: root=n0 locality=100.0 tables=990    [ n0=990   (local) n1=0            ]
  node 1: root=n1 locality=100.0 tables=990    [ n0=0             n1=990   (local)]
== pg_stats @ 3.5G end
-- pid 576576
range 0x7f0000000000-0x7f8000000000 | main node 1
node 0      : locality=0.9 ptes=492.45K mapped=492.45K rdprot=0     wrprot=492.45K unrepl=0     remotemain=0     [ n0=487.16K(local) n1=5.29K        ]
node 1(main): locality=0.6 ptes=492.92K mapped=492.92K rdprot=0     wrprot=492.92K unrepl=0     remotemain=0     [ n0=175.37K        n1=317.55K(local)]
cross-node sharing:
  node 0: local=487.16K unique=311.78K shared: n1=180.67K
  node 1: local=317.55K unique=312.25K shared: n0=180.67K
page tables:
  node 0: root=n0 locality=100.0 tables=990    [ n0=990   (local) n1=0            ]
  node 1: root=n1 locality=100.0 tables=990    [ n0=0             n1=990   (local)]
== pg_stats @ 3G end
-- pid 576576
range 0x7f0000000000-0x7f8000000000 | main node 1
node 0      : locality=0.7 ptes=492.45K mapped=492.45K rdprot=0     wrprot=492.45K unrepl=0     remotemain=0     [ n0=390.04K(local) n1=102.40K       ]
node 1(main): locality=0.6 ptes=492.45K mapped=492.45K rdprot=0     wrprot=492.45K unrepl=0     remotemain=0     [ n0=175.48K        n1=316.96K(local)]
cross-node sharing:
  node 0: local=390.04K unique=214.56K shared: n1=277.89K
  node 1: local=316.96K unique=214.56K shared: n0=277.89K
page tables:
  node 0: root=n0 locality=100.0 tables=990    [ n0=990   (local) n1=0            ]
  node 1: root=n1 locality=100.0 tables=990    [ n0=0             n1=990   (local)]
== pg_stats @ 2.5G end
-- pid 576576
range 0x7f0000000000-0x7f8000000000 | main node 1
node 0      : locality=0.5 ptes=492.44K mapped=492.44K rdprot=0     wrprot=492.44K unrepl=0     remotemain=0     [ n0=295.31K(local) n1=197.12K       ]
node 1(main): locality=0.5 ptes=492.45K mapped=492.45K rdprot=0     wrprot=492.45K unrepl=0     remotemain=0     [ n0=208.04K        n1=284.41K(local)]
cross-node sharing:
  node 0: local=295.31K unique=87.27K shared: n1=405.16K
  node 1: local=284.41K unique=87.28K shared: n0=405.16K
page tables:
  node 0: root=n0 locality=100.0 tables=990    [ n0=990   (local) n1=0            ]
  node 1: root=n1 locality=100.0 tables=990    [ n0=0             n1=990   (local)]
== pg_stats @ release end
-- pid 576576
range 0x7f0000000000-0x7f8000000000 | main node 1
node 0      : locality=1.0 ptes=492.45K mapped=492.45K rdprot=0     wrprot=492.45K unrepl=0     remotemain=0     [ n0=492.45K(local) n1=0            ]
node 1(main): locality=0.5 ptes=492.45K mapped=492.45K rdprot=0     wrprot=492.45K unrepl=0     remotemain=0     [ n0=208.04K        n1=284.41K(local)]
cross-node sharing:
  node 0: local=492.45K unique=284.41K shared: n1=208.04K
  node 1: local=284.41K unique=284.41K shared: n0=208.04K
page tables:
  node 0: root=n0 locality=100.0 tables=990    [ n0=990   (local) n1=0            ]
  node 1: root=n1 locality=100.0 tables=990    [ n0=0             n1=990   (local)]
== cgroup summary
low 0
high 2833
max 0
oom 0
oom_kill 0
oom_group_kill 0
peak 3688878080
== repl stats
repl_fail_events 597053
repl_lock_main_lost 0
repl_pg_private_alloc 0
repl_pg_private_free 0
repl_pte_miss_events 2048638
repl_rdprotect_handled 0
repl_reclaimed 138312
repl_reclaimed_replicas 176931
repl_remote_faults_on_main 500327
repl_repl_allocated 526550
repl_repl_copy_events 526550
repl_skipped_pressure 309434
repl_tlb_flushed 1680434
repl_total_faults 2504436
repl_unreplicated 0
repl_writes_to_replicated 0
