== pg_stats @ normal end
-- pid 61481
range 0x7e0000000000-0x7e8000000000 | main node 1
node 0      : locality=1.0 ptes=492.46K mapped=492.46K rdprot=0     wrprot=492.46K unrepl=0     remotemain=0     [ n0=492.46K(local) n1=0            ]
node 1(main): locality=0.4 ptes=492.94K mapped=492.94K rdprot=0     wrprot=492.94K unrepl=0     remotemain=0     [ n0=264.38K        n1=228.55K(local)]
cross-node sharing:
  node 0: local=492.46K unique=228.55K shared: n1=263.91K
  node 1: local=228.55K unique=229.02K shared: n0=263.91K
page tables:
  node 0: root=n0 locality=100.0 tables=990    [ n0=990   (local) n1=0            ]
  node 1: root=n1 locality=100.0 tables=990    [ n0=0             n1=990   (local)]
== pg_stats @ 4G end
-- pid 61481
range 0x7e0000000000-0x7e8000000000 | main node 1
node 0      : locality=1.0 ptes=492.46K mapped=492.46K rdprot=0     wrprot=492.46K unrepl=0     remotemain=0     [ n0=492.46K(local) n1=0            ]
node 1(main): locality=0.4 ptes=492.94K mapped=492.94K rdprot=0     wrprot=492.94K unrepl=0     remotemain=0     [ n0=264.38K        n1=228.55K(local)]
cross-node sharing:
  node 0: local=492.46K unique=228.55K shared: n1=263.91K
  node 1: local=228.55K unique=229.02K shared: n0=263.91K
page tables:
  node 0: root=n0 locality=100.0 tables=990    [ n0=990   (local) n1=0            ]
  node 1: root=n1 locality=100.0 tables=990    [ n0=0             n1=990   (local)]
== pg_stats @ 3G end
-- pid 61481
range 0x7e0000000000-0x7e8000000000 | main node 1
node 0      : locality=0.9 ptes=492.45K mapped=492.45K rdprot=0     wrprot=492.45K unrepl=0     remotemain=0     [ n0=472.84K(local) n1=19.60K       ]
node 1(main): locality=0.4 ptes=492.46K mapped=492.46K rdprot=0     wrprot=492.46K unrepl=0     remotemain=0     [ n0=263.91K        n1=228.55K(local)]
cross-node sharing:
  node 0: local=472.84K unique=208.94K shared: n1=283.51K
  node 1: local=228.55K unique=208.95K shared: n0=283.51K
page tables:
  node 0: root=n0 locality=100.0 tables=990    [ n0=990   (local) n1=0            ]
  node 1: root=n1 locality=100.0 tables=990    [ n0=0             n1=990   (local)]
== pg_stats @ 2.5G end
-- pid 61481
range 0x7e0000000000-0x7e8000000000 | main node 1
node 0      : locality=0.6 ptes=492.44K mapped=492.44K rdprot=0     wrprot=492.44K unrepl=0     remotemain=0     [ n0=332.09K(local) n1=160.34K       ]
node 1(main): locality=0.5 ptes=492.46K mapped=492.46K rdprot=0     wrprot=492.46K unrepl=0     remotemain=0     [ n0=244.75K        n1=247.70K(local)]
cross-node sharing:
  node 0: local=332.09K unique=87.34K shared: n1=405.10K
  node 1: local=247.70K unique=87.36K shared: n0=405.10K
page tables:
  node 0: root=n0 locality=100.0 tables=990    [ n0=990   (local) n1=0            ]
  node 1: root=n1 locality=100.0 tables=990    [ n0=0             n1=990   (local)]
== pg_stats @ release end
-- pid 61481
range 0x7e0000000000-0x7e8000000000 | main node 1
node 0      : locality=1.0 ptes=492.46K mapped=492.46K rdprot=0     wrprot=492.46K unrepl=0     remotemain=0     [ n0=492.46K(local) n1=0            ]
node 1(main): locality=0.5 ptes=492.46K mapped=492.46K rdprot=0     wrprot=492.46K unrepl=0     remotemain=0     [ n0=246.18K        n1=246.27K(local)]
cross-node sharing:
  node 0: local=492.46K unique=246.27K shared: n1=246.18K
  node 1: local=246.27K unique=246.27K shared: n0=246.18K
page tables:
  node 0: root=n0 locality=100.0 tables=990    [ n0=990   (local) n1=0            ]
  node 1: root=n1 locality=100.0 tables=990    [ n0=0             n1=990   (local)]
== cgroup summary
low 0
high 2723
max 0
oom 0
oom_kill 0
oom_group_kill 0
peak 3351490560
== repl stats
repl_fail_events 832622
repl_lock_main_lost 23
repl_pg_private_alloc 0
repl_pg_private_free 0
repl_pte_miss_events 2423481
repl_rdprotect_handled 0
repl_reclaimed 368929
repl_reclaimed_replicas 38371
repl_remote_faults_on_main 802582
repl_repl_allocated 438183
repl_repl_copy_events 438183
repl_skipped_pressure 323473
repl_tlb_flushed 1883338
repl_total_faults 3184960
repl_unreplicated 0
repl_writes_to_replicated 0
